Archive member included to satisfy reference by file (symbol)

C:/ST/STM32CubeIDE_1.14.1/STM32CubeIDE/plugins/com.st.stm32cube.ide.mcu.externaltools.gnu-tools-for-stm32.12.3.rel1.win32_1.0.200.202406191623/tools/bin/../lib/gcc/arm-none-eabi/12.3.1/../../../../arm-none-eabi/lib/thumb/v7-m/nofp\libc_nano.a(libc_a-exit.o)
                              C:/ST/STM32CubeIDE_1.14.1/STM32CubeIDE/plugins/com.st.stm32cube.ide.mcu.externaltools.gnu-tools-for-stm32.12.3.rel1.win32_1.0.200.202406191623/tools/bin/../lib/gcc/arm-none-eabi/12.3.1/../../../../arm-none-eabi/lib/thumb/v7-m/nofp/crt0.o (exit)
C:/ST/STM32CubeIDE_1.14.1/STM32CubeIDE/plugins/com.st.stm32cube.ide.mcu.externaltools.gnu-tools-for-stm32.12.3.rel1.win32_1.0.200.202406191623/tools/bin/../lib/gcc/arm-none-eabi/12.3.1/../../../../arm-none-eabi/lib/thumb/v7-m/nofp\libc_nano.a(libc_a-findfp.o)
                              C:/ST/STM32CubeIDE_1.14.1/STM32CubeIDE/plugins/com.st.stm32cube.ide.mcu.externaltools.gnu-tools-for-stm32.12.3.rel1.win32_1.0.200.202406191623/tools/bin/../lib/gcc/arm-none-eabi/12.3.1/../../../../arm-none-eabi/lib/thumb/v7-m/nofp\libc_nano.a(libc_a-exit.o) (__stdio_exit_handler)
C:/ST/STM32CubeIDE_1.14.1/STM32CubeIDE/plugins/com.st.stm32cube.ide.mcu.externaltools.gnu-tools-for-stm32.12.3.rel1.win32_1.0.200.202406191623/tools/bin/../lib/gcc/arm-none-eabi/12.3.1/../../../../arm-none-eabi/lib/thumb/v7-m/nofp\libc_nano.a(libc_a-fwalk.o)
                              C:/ST/STM32CubeIDE_1.14.1/STM32CubeIDE/plugins/com.st.stm32cube.ide.mcu.externaltools.gnu-tools-for-stm32.12.3.rel1.win32_1.0.200.202406191623/tools/bin/../lib/gcc/arm-none-eabi/12.3.1/../../../../arm-none-eabi/lib/thumb/v7-m/nofp\libc_nano.a(libc_a-findfp.o) (_fwalk_sglue)
C:/ST/STM32CubeIDE_1.14.1/STM32CubeIDE/plugins/com.st.stm32cube.ide.mcu.externaltools.gnu-tools-for-stm32.12.3.rel1.win32_1.0.200.202406191623/tools/bin/../lib/gcc/arm-none-eabi/12.3.1/../../../../arm-none-eabi/lib/thumb/v7-m/nofp\libc_nano.a(libc_a-stdio.o)
                              C:/ST/STM32CubeIDE_1.14.1/STM32CubeIDE/plugins/com.st.stm32cube.ide.mcu.externaltools.gnu-tools-for-stm32.12.3.rel1.win32_1.0.200.202406191623/tools/bin/../lib/gcc/arm-none-eabi/12.3.1/../../../../arm-none-eabi/lib/thumb/v7-m/nofp\libc_nano.a(libc_a-findfp.o) (__sread)
C:/ST/STM32CubeIDE_1.14.1/STM32CubeIDE/plugins/com.st.stm32cube.ide.mcu.externaltools.gnu-tools-for-stm32.12.3.rel1.win32_1.0.200.202406191623/tools/bin/../lib/gcc/arm-none-eabi/12.3.1/../../../../arm-none-eabi/lib/thumb/v7-m/nofp\libc_nano.a(libc_a-memset.o)
                              C:/ST/STM32CubeIDE_1.14.1/STM32CubeIDE/plugins/com.st.stm32cube.ide.mcu.externaltools.gnu-tools-for-stm32.12.3.rel1.win32_1.0.200.202406191623/tools/bin/../lib/gcc/arm-none-eabi/12.3.1/../../../../arm-none-eabi/lib/thumb/v7-m/nofp/crt0.o (memset)
C:/ST/STM32CubeIDE_1.14.1/STM32CubeIDE/plugins/com.st.stm32cube.ide.mcu.externaltools.gnu-tools-for-stm32.12.3.rel1.win32_1.0.200.202406191623/tools/bin/../lib/gcc/arm-none-eabi/12.3.1/../../../../arm-none-eabi/lib/thumb/v7-m/nofp\libc_nano.a(libc_a-closer.o)
                              C:/ST/STM32CubeIDE_1.14.1/STM32CubeIDE/plugins/com.st.stm32cube.ide.mcu.externaltools.gnu-tools-for-stm32.12.3.rel1.win32_1.0.200.202406191623/tools/bin/../lib/gcc/arm-none-eabi/12.3.1/../../../../arm-none-eabi/lib/thumb/v7-m/nofp\libc_nano.a(libc_a-stdio.o) (_close_r)
C:/ST/STM32CubeIDE_1.14.1/STM32CubeIDE/plugins/com.st.stm32cube.ide.mcu.externaltools.gnu-tools-for-stm32.12.3.rel1.win32_1.0.200.202406191623/tools/bin/../lib/gcc/arm-none-eabi/12.3.1/../../../../arm-none-eabi/lib/thumb/v7-m/nofp\libc_nano.a(libc_a-reent.o)
                              C:/ST/STM32CubeIDE_1.14.1/STM32CubeIDE/plugins/com.st.stm32cube.ide.mcu.externaltools.gnu-tools-for-stm32.12.3.rel1.win32_1.0.200.202406191623/tools/bin/../lib/gcc/arm-none-eabi/12.3.1/../../../../arm-none-eabi/lib/thumb/v7-m/nofp\libc_nano.a(libc_a-closer.o) (errno)
C:/ST/STM32CubeIDE_1.14.1/STM32CubeIDE/plugins/com.st.stm32cube.ide.mcu.externaltools.gnu-tools-for-stm32.12.3.rel1.win32_1.0.200.202406191623/tools/bin/../lib/gcc/arm-none-eabi/12.3.1/../../../../arm-none-eabi/lib/thumb/v7-m/nofp\libc_nano.a(libc_a-impure.o)
                              C:/ST/STM32CubeIDE_1.14.1/STM32CubeIDE/plugins/com.st.stm32cube.ide.mcu.externaltools.gnu-tools-for-stm32.12.3.rel1.win32_1.0.200.202406191623/tools/bin/../lib/gcc/arm-none-eabi/12.3.1/../../../../arm-none-eabi/lib/thumb/v7-m/nofp\libc_nano.a(libc_a-reent.o) (_impure_ptr)
C:/ST/STM32CubeIDE_1.14.1/STM32CubeIDE/plugins/com.st.stm32cube.ide.mcu.externaltools.gnu-tools-for-stm32.12.3.rel1.win32_1.0.200.202406191623/tools/bin/../lib/gcc/arm-none-eabi/12.3.1/../../../../arm-none-eabi/lib/thumb/v7-m/nofp\libc_nano.a(libc_a-lseekr.o)
[...]
Memory Configuration

Name             Origin             Length             Attributes
RAM              0x20000000         0x00005000         xrw
FLASH            0x08000000         0x00010000         xr
*default*        0x00000000         0xffffffff

Linker script and memory map

LOAD C:/ST/STM32CubeIDE_1.14.1/STM32CubeIDE/plugins/com.st.stm32cube.ide.mcu.externaltools.gnu-tools-for-stm32.12.3.rel1.win32_1.0.200.202406191623/tools/bin/../lib/gcc/arm-none-eabi/12.3.1/thumb/v7-m/nofp/crti.o
LOAD C:/ST/STM32CubeIDE_1.14.1/STM32CubeIDE/plugins/com.st.stm32cube.ide.mcu.externaltools.gnu-tools-for-stm32.12.3.rel1.win32_1.0.200.202406191623/tools/bin/../lib/gcc/arm-none-eabi/12.3.1/thumb/v7-m/nofp/crtbegin.o
LOAD C:/ST/STM32CubeIDE_1.14.1/STM32CubeIDE/plugins/com.st.stm32cube.ide.mcu.externaltools.gnu-tools-for-stm32.12.3.rel1.win32_1.0.200.202406191623/tools/bin/../lib/gcc/arm-none-eabi/12.3.1/../../../../arm-none-eabi/lib/thumb/v7-m/nofp/crt0.o
LOAD ./Drivers/Peripheral_Drivers/Source/EEPROM.o
LOAD ./Drivers/Peripheral_Drivers/Source/I2C.o
LOAD ./Drivers/Peripheral_Drivers/Source/RCC_CLOCK.o
LOAD ./Drivers/Peripheral_Drivers/Source/UART.o
LOAD ./Src/main.o
LOAD ./Src/syscalls.o
LOAD ./Src/sysmem.o
LOAD ./Startup/startup_stm32f103c8tx.o
START GROUP
LOAD C:/ST/STM32CubeIDE_1.14.1/STM32CubeIDE/plugins/com.st.stm32cube.ide.mcu.externaltools.gnu-tools-for-stm32.12.3.rel1.win32_1.0.200.202406191623/tools/bin/../lib/gcc/arm-none-eabi/12.3.1/../../../../arm-none-eabi/lib/thumb/v7-m/nofp\libc_nano.a
LOAD C:/ST/STM32CubeIDE_1.14.1/STM32CubeIDE/plugins/com.st.stm32cube.ide.mcu.externaltools.gnu-tools-for-stm32.12.3.rel1.win32_1.0.200.202406191623/tools/bin/../lib/gcc/arm-none-eabi/12.3.1/../../../../arm-none-eabi/lib/thumb/v7-m/nofp\libm.a
END GROUP
START GROUP
LOAD C:/ST/STM32CubeIDE_1.14.1/STM32CubeIDE/plugins/com.st.stm32cube.ide.mcu.externaltools.gnu-tools-for-stm32.12.3.rel1.win32_1.0.200.202406191623/tools/bin/../lib/gcc/arm-none-eabi/12.3.1/thumb/v7-m/nofp\libgcc.a
LOAD C:/ST/STM32CubeIDE_1.14.1/STM32CubeIDE/plugins/com.st.stm32cube.ide.mcu.externaltools.gnu-tools-for-stm32.12.3.rel1.win32_1.0.200.202406191623/tools/bin/../lib/gcc/arm-none-eabi/12.3.1/../../../../arm-none-eabi/lib/thumb/v7-m/nofp\libc_nano.a
END GROUP
START GROUP
LOAD C:/ST/STM32CubeIDE_1.14.1/STM32CubeIDE/plugins/com.st.stm32cube.ide.mcu.externaltools.gnu-tools-for-stm32.12.3.rel1.win32_1.0.200.202406191623/tools/bin/../lib/gcc/arm-none-eabi/12.3.1/thumb/v7-m/nofp\libgcc.a
LOAD C:/ST/STM32CubeIDE_1.14.1/STM32CubeIDE/plugins/com.st.stm32cube.ide.mcu.externaltools.gnu-tools-for-stm32.12.3.rel1.win32_1.0.200.202406191623/tools/bin/../lib/gcc/arm-none-eabi/12.3.1/../../../../arm-none-eabi/lib/thumb/v7-m/nofp\libc_nano.a
LOAD C:/ST/STM32CubeIDE_1.14.1/STM32CubeIDE/plugins/com.st.stm32cube.ide.mcu.externaltools.gnu-tools-for-stm32.12.3.rel1.win32_1.0.200.202406191623/tools/bin/../lib/gcc/arm-none-eabi/12.3.1/../../../../arm-none-eabi/lib/thumb/v7-m/nofp\libnosys.a
END GROUP
START GROUP
LOAD C:/ST/STM32CubeIDE_1.14.1/STM32CubeIDE/plugins/com.st.stm32cube.ide.mcu.externaltools.gnu-tools-for-stm32.12.3.rel1.win32_1.0.200.202406191623/tools/bin/../lib/gcc/arm-none-eabi/12.3.1/thumb/v7-m/nofp\libgcc.a
LOAD C:/ST/STM32CubeIDE_1.14.1/STM32CubeIDE/plugins/com.st.stm32cube.ide.mcu.externaltools.gnu-tools-for-stm32.12.3.rel1.win32_1.0.200.202406191623/tools/bin/../lib/gcc/arm-none-eabi/12.3.1/../../../../arm-none-eabi/lib/thumb/v7-m/nofp\libc_nano.a
LOAD C:/ST/STM32CubeIDE_1.14.1/STM32CubeIDE/plugins/com.st.stm32cube.ide.mcu.externaltools.gnu-tools-for-stm32.12.3.rel1.win32_1.0.200.202406191623/tools/bin/../lib/gcc/arm-none-eabi/12.3.1/../../../../arm-none-eabi/lib/thumb/v7-m/nofp\libnosys.a
END GROUP
LOAD C:/ST/STM32CubeIDE_1.14.1/STM32CubeIDE/plugins/com.st.stm32cube.ide.mcu.externaltools.gnu-tools-for-stm32.12.3.rel1.win32_1.0.200.202406191623/tools/bin/../lib/gcc/arm-none-eabi/12.3.1/thumb/v7-m/nofp/crtend.o
LOAD C:/ST/STM32CubeIDE_1.14.1/STM32CubeIDE/plugins/com.st.stm32cube.ide.mcu.externaltools.gnu-tools-for-stm32.12.3.rel1.win32_1.0.200.202406191623/tools/bin/../lib/gcc/arm-none-eabi/12.3.1/thumb/v7-m/nofp/crtn.o
                0x20005000                        _estack = (ORIGIN (RAM) + LENGTH (RAM))
                0x00000200                        _Min_Heap_Size = 0x200
                0x00000400                        _Min_Stack_Size = 0x400

.isr_vector     0x08000000      0x130
                0x08000000                        . = ALIGN (0x4)
 *(.isr_vector)
 .isr_vector    0x08000000      0x130 ./Startup/startup_stm32f103c8tx.o
                0x08000000                g_pfnVectors
                0x08000130                        . = ALIGN (0x4)

.text           0x08000130      0xa88
                0x08000130                        . = ALIGN (0x4)
 *(.text)
 .text          0x08000130       0x40 C:/ST/STM32CubeIDE_1.14.1/STM32CubeIDE/plugins/com.st.stm32cube.ide.mcu.externaltools.gnu-tools-for-stm32.12.3.rel1.win32_1.0.200.202406191623/tools/bin/../lib/gcc/arm-none-eabi/12.3.1/thumb/v7-m/nofp/crtbegin.o
 *(.text*)
 .text.EEPROM_Write
                0x08000170       0x4c ./Drivers/Peripheral_Drivers/Source/EEPROM.o
                0x08000170                EEPROM_Write
 .text.EEPROM_Read
                0x080001bc       0x5e ./Drivers/Peripheral_Drivers/Source/EEPROM.o
                0x080001bc                EEPROM_Read
 *fill*         0x0800021a        0x2 
 .text.I2C_Config
                0x0800021c       0x88 ./Drivers/Peripheral_Drivers/Source/I2C.o
                0x0800021c                I2C_Config
 .text.I2C_Start
                0x080002a4       0x38 ./Drivers/Peripheral_Drivers/Source/I2C.o
                0x080002a4                I2C_Start
 .text.I2C_Write
                0x080002dc       0x3c ./Drivers/Peripheral_Drivers/Source/I2C.o
                0x080002dc                I2C_Write
 .text.I2C_Address
                0x08000318       0x3c ./Drivers/Peripheral_Drivers/Source/I2C.o
                0x08000318                I2C_Address
 .text.I2C_Stop
                0x08000354       0x1c ./Drivers/Peripheral_Drivers/Source/I2C.o
                0x08000354                I2C_Stop
 .text.I2C_WriteMulti
                0x08000370       0x90 ./Drivers/Peripheral_Drivers/Source/I2C.o
                0x08000370                I2C_WriteMulti
 .text.I2C_Read
                0x08000400      0x14c ./Drivers/Peripheral_Drivers/Source/I2C.o
                0x08000400                I2C_Read
 .text.__NVIC_SetPriority
                0x0800054c       0x54 ./Drivers/Peripheral_Drivers/Source/RCC_CLOCK.o
 .text.SysTick_Handler
                0x080005a0       0x1c ./Drivers/Peripheral_Drivers/Source/RCC_CLOCK.o
                0x080005a0                SysTick_Handler
 .text.SysTick_Init
                0x080005bc       0x2c ./Drivers/Peripheral_Drivers/Source/RCC_CLOCK.o
                0x080005bc                SysTick_Init
 .text.Delay_ms
                0x080005e8       0x30 ./Drivers/Peripheral_Drivers/Source/RCC_CLOCK.o
                0x080005e8                Delay_ms
 .text.__NVIC_EnableIRQ
                0x08000618       0x38 ./Drivers/Peripheral_Drivers/Source/UART.o
 .text.uart_init
                0x08000650       0x6c ./Drivers/Peripheral_Drivers/Source/UART.o
                0x08000650                uart_init
 .text.uart_send_char
                0x080006bc       0x3c ./Drivers/Peripheral_Drivers/Source/UART.o
                0x080006bc                uart_send_char
 .text.USART1_IRQHandler
                0x080006f8       0x60 ./Drivers/Peripheral_Drivers/Source/UART.o
                0x080006f8                USART1_IRQHandler
 .text.UART_Transmit
                0x08000758       0x36 ./Drivers/Peripheral_Drivers/Source/UART.o
                0x08000758                UART_Transmit
 *fill*         0x0800078e        0x2 
 .text.__NVIC_EnableIRQ
                0x08000790       0x38 ./Src/main.o
 .text.__NVIC_DisableIRQ
                0x080007c8       0x48 ./Src/main.o
 .text.main     0x08000810      0x17c ./Src/main.o
                0x08000810                main
 .text.initBuffer
                0x0800098c       0x2a ./Src/main.o
                0x0800098c                initBuffer
 .text.isFull   0x080009b6       0x26 ./Src/main.o
                0x080009b6                isFull
 .text.isEmpty  0x080009dc       0x22 ./Src/main.o
                0x080009dc                isEmpty
 *fill*         0x080009fe        0x2 
 .text.writeBuffer
                0x08000a00       0x8c ./Src/main.o
                0x08000a00                writeBuffer
 .text.readBuffer
                0x08000a8c       0x68 ./Src/main.o
                0x08000a8c                readBuffer
 .text.Reset_Handler
                0x08000af4       0x50 ./Startup/startup_stm32f103c8tx.o
                0x08000af4                Reset_Handler
 .text.Default_Handler
                0x08000b44        0x2 ./Startup/startup_stm32f103c8tx.o
                0x08000b44                EXTI2_IRQHandler
                0x08000b44                TIM8_TRG_COM_IRQHandler
                0x08000b44                TIM8_CC_IRQHandler
                0x08000b44                DebugMon_Handler
                0x08000b44                TIM1_CC_IRQHandler
                0x08000b44                HardFault_Handler
                0x08000b44                TIM6_IRQHandler
                0x08000b44                PVD_IRQHandler
                0x08000b44                SDIO_IRQHandler
                0x08000b44                PendSV_Handler
                0x08000b44                NMI_Handler
                0x08000b44                EXTI3_IRQHandler
                0x08000b44                USB_HP_CAN_TX_IRQHandler
                0x08000b44                EXTI0_IRQHandler
                0x08000b44                I2C2_EV_IRQHandler
                0x08000b44                UsageFault_Handler
                0x08000b44                ADC1_2_IRQHandler
                0x08000b44                SPI1_IRQHandler
                0x08000b44                CAN_SCE_IRQHandler
                0x08000b44                TAMPER_IRQHandler
                0x08000b44                TIM8_UP_IRQHandler
                0x08000b44                DMA2_Channel2_IRQHandler
                0x08000b44                DMA1_Channel4_IRQHandler
                0x08000b44                USART3_IRQHandler
                0x08000b44                RTC_IRQHandler
                0x08000b44                DMA1_Channel7_IRQHandler
                0x08000b44                UART5_IRQHandler
                0x08000b44                ADC3_IRQHandler
                0x08000b44                TIM4_IRQHandler
                0x08000b44                CAN_RX1_IRQHandler
                0x08000b44                DMA2_Channel1_IRQHandler
                0x08000b44                I2C1_EV_IRQHandler
                0x08000b44                DMA1_Channel6_IRQHandler
                0x08000b44                UART4_IRQHandler
                0x08000b44                TIM3_IRQHandler
                0x08000b44                RCC_IRQHandler
                0x08000b44                TIM1_TRG_COM_IRQHandler
                0x08000b44                DMA1_Channel1_IRQHandler
                0x08000b44                Default_Handler
                0x08000b44                EXTI15_10_IRQHandler
                0x08000b44                TIM7_IRQHandler
                0x08000b44                TIM5_IRQHandler
                0x08000b44                EXTI9_5_IRQHandler
                0x08000b44                SPI2_IRQHandler
                0x08000b44                USB_LP_CAN_RX0_IRQHandler
                0x08000b44                MemManage_Handler
                0x08000b44                SVC_Handler
                0x08000b44                DMA1_Channel5_IRQHandler
                0x08000b44                EXTI4_IRQHandler
                0x08000b44                DMA1_Channel3_IRQHandler
                0x08000b44                FSMC_IRQHandler
                0x08000b44                TIM1_UP_IRQHandler
                0x08000b44                WWDG_IRQHandler
                0x08000b44                TIM2_IRQHandler
                0x08000b44                TIM1_BRK_IRQHandler
                0x08000b44                EXTI1_IRQHandler
                0x08000b44                RTCAlarm_IRQHandler
                0x08000b44                DMA2_Channel4_5_IRQHandler
                0x08000b44                USART2_IRQHandler
                0x08000b44                I2C2_ER_IRQHandler
                0x08000b44                DMA1_Channel2_IRQHandler
                0x08000b44                TIM8_BRK_IRQHandler
                0x08000b44                FLASH_IRQHandler
                0x08000b44                BusFault_Handler
                0x08000b44                SPI3_IRQHandler
                0x08000b44                I2C1_ER_IRQHandler
                0x08000b44                DMA2_Channel3_IRQHandler
 .text.memset   0x08000b46       0x10 C:/ST/STM32CubeIDE_1.14.1/STM32CubeIDE/plugins/com.st.stm32cube.ide.mcu.externaltools.gnu-tools-for-stm32.12.3.rel1.win32_1.0.200.202406191623/tools/bin/../lib/gcc/arm-none-eabi/12.3.1/../../../../arm-none-eabi/lib/thumb/v7-m/nofp\libc_nano.a(libc_a-memset.o)
                0x08000b46                memset
 *fill*         0x08000b56        0x2 
 .text.__libc_init_array
                0x08000b58       0x48 C:/ST/STM32CubeIDE_1.14.1/STM32CubeIDE/plugins/com.st.stm32cube.ide.mcu.externaltools.gnu-tools-for-stm32.12.3.rel1.win32_1.0.200.202406191623/tools/bin/../lib/gcc/arm-none-eabi/12.3.1/../../../../arm-none-eabi/lib/thumb/v7-m/nofp\libc_nano.a(libc_a-init.o)
                0x08000b58                __libc_init_array
 *(.glue_7)
 .glue_7        0x08000ba0        0x0 linker stubs
 *(.glue_7t)
 .glue_7t       0x08000ba0        0x0 linker stubs
 *(.eh_frame)
 .eh_frame      0x08000ba0        0x0 C:/ST/STM32CubeIDE_1.14.1/STM32CubeIDE/plugins/com.st.stm32cube.ide.mcu.externaltools.gnu-tools-for-stm32.12.3.rel1.win32_1.0.200.202406191623/tools/bin/../lib/gcc/arm-none-eabi/12.3.1/thumb/v7-m/nofp/crtbegin.o
 *(.init)
 .init          0x08000ba0        0x4 C:/ST/STM32CubeIDE_1.14.1/STM32CubeIDE/plugins/com.st.stm32cube.ide.mcu.externaltools.gnu-tools-for-stm32.12.3.rel1.win32_1.0.200.202406191623/tools/bin/../lib/gcc/arm-none-eabi/12.3.1/thumb/v7-m/nofp/crti.o
                0x08000ba0                _init
 .init          0x08000ba4        0x8 C:/ST/STM32CubeIDE_1.14.1/STM32CubeIDE/plugins/com.st.stm32cube.ide.mcu.externaltools.gnu-tools-for-stm32.12.3.rel1.win32_1.0.200.202406191623/tools/bin/../lib/gcc/arm-none-eabi/12.3.1/thumb/v7-m/nofp/crtn.o
 *(.fini)
 .fini          0x08000bac        0x4 C:/ST/STM32CubeIDE_1.14.1/STM32CubeIDE/plugins/com.st.stm32cube.ide.mcu.externaltools.gnu-tools-for-stm32.12.3.rel1.win32_1.0.200.202406191623/tools/bin/../lib/gcc/arm-none-eabi/12.3.1/thumb/v7-m/nofp/crti.o
                0x08000bac                _fini
 .fini          0x08000bb0        0x8 C:/ST/STM32CubeIDE_1.14.1/STM32CubeIDE/plugins/com.st.stm32cube.ide.mcu.externaltools.gnu-tools-for-stm32.12.3.rel1.win32_1.0.200.202406191623/tools/bin/../lib/gcc/arm-none-eabi/12.3.1/thumb/v7-m/nofp/crtn.o
                0x08000bb8                        . = ALIGN (0x4)
                0x08000bb8                        _etext = .

.vfp11_veneer   0x08000bb8        0x0
 .vfp11_veneer  0x08000bb8        0x0 linker stubs

.v4_bx          0x08000bb8        0x0
 .v4_bx         0x08000bb8        0x0 linker stubs

.iplt           0x08000bb8        0x0
 .iplt          0x08000bb8        0x0 C:/ST/STM32CubeIDE_1.14.1/STM32CubeIDE/plugins/com.st.stm32cube.ide.mcu.externaltools.gnu-tools-for-stm32.12.3.rel1.win32_1.0.200.202406191623/tools/bin/../lib/gcc/arm-none-eabi/12.3.1/thumb/v7-m/nofp/crtbegin.o

.rodata         0x08000bb8        0x0
                0x08000bb8                        . = ALIGN (0x4)
 *(.rodata)
 *(.rodata*)
                0x08000bb8                        . = ALIGN (0x4)

.ARM.extab      0x08000bb8        0x0
                0x08000bb8                        . = ALIGN (0x4)
 *(.ARM.extab* .gnu.linkonce.armextab.*)
                0x08000bb8                        . = ALIGN (0x4)

.ARM            0x08000bb8        0x0
                0x08000bb8                        . = ALIGN (0x4)
                0x08000bb8                        __exidx_start = .
 *(.ARM.exidx*)
                0x08000bb8                        __exidx_end = .
                0x08000bb8                        . = ALIGN (0x4)

.preinit_array  0x08000bb8        0x0
                0x08000bb8                        . = ALIGN (0x4)
                0x08000bb8                        PROVIDE (__preinit_array_start = .)
 *(.preinit_array*)
                0x08000bb8                        PROVIDE (__preinit_array_end = .)
                0x08000bb8                        . = ALIGN (0x4)

.init_array     0x08000bb8        0x4
                0x08000bb8                        . = ALIGN (0x4)
                0x08000bb8                        PROVIDE (__init_array_start = .)
 *(SORT_BY_NAME(.init_array.*))
 *(.init_array*)
 .init_array    0x08000bb8        0x4 C:/ST/STM32CubeIDE_1.14.1/STM32CubeIDE/plugins/com.st.stm32cube.ide.mcu.externaltools.gnu-tools-for-stm32.12.3.rel1.win32_1.0.200.202406191623/tools/bin/../lib/gcc/arm-none-eabi/12.3.1/thumb/v7-m/nofp/crtbegin.o
                0x08000bbc                        PROVIDE (__init_array_end = .)
                0x08000bbc                        . = ALIGN (0x4)

.fini_array     0x08000bbc        0x4
                0x08000bbc                        . = ALIGN (0x4)
                [!provide]                        PROVIDE (__fini_array_start = .)
 *(SORT_BY_NAME(.fini_array.*))
 *(.fini_array*)
 .fini_array    0x08000bbc        0x4 C:/ST/STM32CubeIDE_1.14.1/STM32CubeIDE/plugins/com.st.stm32cube.ide.mcu.externaltools.gnu-tools-for-stm32.12.3.rel1.win32_1.0.200.202406191623/tools/bin/../lib/gcc/arm-none-eabi/12.3.1/thumb/v7-m/nofp/crtbegin.o
                [!provide]                        PROVIDE (__fini_array_end = .)
                0x08000bc0                        . = ALIGN (0x4)
                0x08000bc0                        _sidata = LOADADDR (.data)

.rel.dyn        0x08000bc0        0x0
 .rel.iplt      0x08000bc0        0x0 C:/ST/STM32CubeIDE_1.14.1/STM32CubeIDE/plugins/com.st.stm32cube.ide.mcu.externaltools.gnu-tools-for-stm32.12.3.rel1.win32_1.0.200.202406191623/tools/bin/../lib/gcc/arm-none-eabi/12.3.1/thumb/v7-m/nofp/crtbegin.o

.data           0x20000000        0x0 load address 0x08000bc0
                0x20000000                        . = ALIGN (0x4)
                0x20000000                        _sdata = .
 *(.data)
 *(.data*)
 *(.RamFunc)
 *(.RamFunc*)
                0x20000000                        . = ALIGN (0x4)
                0x20000000                        _edata = .

.igot.plt       0x20000000        0x0 load address 0x08000bc0
 .igot.plt      0x20000000        0x0 C:/ST/STM32CubeIDE_1.14.1/STM32CubeIDE/plugins/com.st.stm32cube.ide.mcu.externaltools.gnu-tools-for-stm32.12.3.rel1.win32_1.0.200.202406191623/tools/bin/../lib/gcc/arm-none-eabi/12.3.1/thumb/v7-m/nofp/crtbegin.o
                0x20000000                        . = ALIGN (0x4)

.bss            0x20000000      0x424 load address 0x08000bc0
                0x20000000                        _sbss = .
                0x20000000                        __bss_start__ = _sbss
 *(.bss)
 .bss           0x20000000       0x1c C:/ST/STM32CubeIDE_1.14.1/STM32CubeIDE/plugins/com.st.stm32cube.ide.mcu.externaltools.gnu-tools-for-stm32.12.3.rel1.win32_1.0.200.202406191623/tools/bin/../lib/gcc/arm-none-eabi/12.3.1/thumb/v7-m/nofp/crtbegin.o
 *(.bss*)
 .bss.msTicks   0x2000001c        0x4 ./Drivers/Peripheral_Drivers/Source/RCC_CLOCK.o
                0x2000001c                msTicks
 .bss.uart_data_rx
                0x20000020        0x1 ./Src/main.o
                0x20000020                uart_data_rx
 *fill*         0x20000021        0x3 
 .bss.rb        0x20000024      0x400 ./Src/main.o
                0x20000024                rb
 *(COMMON)
                0x20000424                        . = ALIGN (0x4)
                0x20000424                        _ebss = .
                0x20000424                        __bss_end__ = _ebss

._user_heap_stack
                0x20000424      0x604 load address 0x08000bc0
                0x20000428                        . = ALIGN (0x8)
 *fill*         0x20000424        0x4 
                [!provide]                        PROVIDE (end = .)
                0x20000428                        PROVIDE (_end = .)
                0x20000628                        . = (. + _Min_Heap_Size)
 *fill*         0x20000428      0x200 
                0x20000a28                        . = (. + _Min_Stack_Size)
 *fill*         0x20000628      0x400 
                0x20000a28                        . = ALIGN (0x8)

/DISCARD/
 libc.a(*)
 libm.a(*)
 libgcc.a(*)

.ARM.attributes
                0x00000000       0x29
 *(.ARM.attributes)
 .ARM.attributes
                0x00000000       0x1d C:/ST/STM32CubeIDE_1.14.1/STM32CubeIDE/plugins/com.st.stm32cube.ide.mcu.externaltools.gnu-tools-for-stm32.12.3.rel1.win32_1.0.200.202406191623/tools/bin/../lib/gcc/arm-none-eabi/12.3.1/thumb/v7-m/nofp/crti.o
 .ARM.attributes
                0x0000001d       0x2d C:/ST/STM32CubeIDE_1.14.1/STM32CubeIDE/plugins/com.st.stm32cube.ide.mcu.externaltools.gnu-tools-for-stm32.12.3.rel1.win32_1.0.200.202406191623/tools/bin/../lib/gcc/arm-none-eabi/12.3.1/thumb/v7-m/nofp/crtbegin.o
 .ARM.attributes
                0x0000004a       0x2d ./Drivers/Peripheral_Drivers/Source/EEPROM.o
 .ARM.attributes
                0x00000077       0x2d ./Drivers/Peripheral_Drivers/Source/I2C.o
 .ARM.attributes
                0x000000a4       0x2d ./Drivers/Peripheral_Drivers/Source/RCC_CLOCK.o
 .ARM.attributes
                0x000000d1       0x2d ./Drivers/Peripheral_Drivers/Source/UART.o
 .ARM.attributes
                0x000000fe       0x2d ./Src/main.o
 .ARM.attributes
                0x0000012b       0x21 ./Startup/startup_stm32f103c8tx.o
 .ARM.attributes
                0x0000014c       0x2d C:/ST/STM32CubeIDE_1.14.1/STM32CubeIDE/plugins/com.st.stm32cube.ide.mcu.externaltools.gnu-tools-for-stm32.12.3.rel1.win32_1.0.200.202406191623/tools/bin/../lib/gcc/arm-none-eabi/12.3.1/../../../../arm-none-eabi/lib/thumb/v7-m/nofp\libc_nano.a(libc_a-memset.o)
 .ARM.attributes
                0x00000179       0x2d C:/ST/STM32CubeIDE_1.14.1/STM32CubeIDE/plugins/com.st.stm32cube.ide.mcu.externaltools.gnu-tools-for-stm32.12.3.rel1.win32_1.0.200.202406191623/tools/bin/../lib/gcc/arm-none-eabi/12.3.1/../../../../arm-none-eabi/lib/thumb/v7-m/nofp\libc_nano.a(libc_a-init.o)
 .ARM.attributes
                0x000001a6       0x1d C:/ST/STM32CubeIDE_1.14.1/STM32CubeIDE/plugins/com.st.stm32cube.ide.mcu.externaltools.gnu-tools-for-stm32.12.3.rel1.win32_1.0.200.202406191623/tools/bin/../lib/gcc/arm-none-eabi/12.3.1/thumb/v7-m/nofp/crtn.o
OUTPUT(UART_ECHO_FIRMWARE_TASK_1.elf elf32-littlearm)
LOAD linker stubs
LOAD C:/ST/STM32CubeIDE_1.14.1/STM32CubeIDE/plugins/com.st.stm32cube.ide.mcu.externaltools.gnu-tools-for-stm32.12.3.rel1.win32_1.0.200.202406191623/tools/bin/../lib/gcc/arm-none-eabi/12.3.1/../../../../arm-none-eabi/lib/thumb/v7-m/nofp\libc.a
LOAD C:/ST/STM32CubeIDE_1.14.1/STM32CubeIDE/plugins/com.st.stm32cube.ide.mcu.externaltools.gnu-tools-for-stm32.12.3.rel1.win32_1.0.200.202406191623/tools/bin/../lib/gcc/arm-none-eabi/12.3.1/../../../../arm-none-eabi/lib/thumb/v7-m/nofp\libm.a
LOAD C:/ST/STM32CubeIDE_1.14.1/STM32CubeIDE/plugins/com.st.stm32cube.ide.mcu.externaltools.gnu-tools-for-stm32.12.3.rel1.win32_1.0.200.202406191623/tools/bin/../lib/gcc/arm-none-eabi/12.3.1/thumb/v7-m/nofp\libgcc.a

.debug_info     0x00000000     0x189a
 .debug_info    0x00000000      0x1db ./Drivers/Peripheral_Drivers/Source/EEPROM.o
 .debug_info    0x000001db      0x3f7 ./Drivers/Peripheral_Drivers/Source/I2C.o
 .debug_info    0x000005d2      0x59d ./Drivers/Peripheral_Drivers/Source/RCC_CLOCK.o
 .debug_info    0x00000b6f      0x669 ./Drivers/Peripheral_Drivers/Source/UART.o
 .debug_info    0x000011d8      0x692 ./Src/main.o
 .debug_info    0x0000186a       0x30 ./Startup/startup_stm32f103c8tx.o

.debug_abbrev   0x00000000      0x8a2
 .debug_abbrev  0x00000000       0xdb ./Drivers/Peripheral_Drivers/Source/EEPROM.o
 .debug_abbrev  0x000000db      0x114 ./Drivers/Peripheral_Drivers/Source/I2C.o
 .debug_abbrev  0x000001ef      0x1b0 ./Drivers/Peripheral_Drivers/Source/RCC_CLOCK.o
 .debug_abbrev  0x0000039f      0x22f ./Drivers/Peripheral_Drivers/Source/UART.o
 .debug_abbrev  0x000005ce      0x2b0 ./Src/main.o
 .debug_abbrev  0x0000087e       0x24 ./Startup/startup_stm32f103c8tx.o

.debug_aranges  0x00000000      0x178
 .debug_aranges
                0x00000000       0x28 ./Drivers/Peripheral_Drivers/Source/EEPROM.o
 .debug_aranges
                0x00000028       0x50 ./Drivers/Peripheral_Drivers/Source/I2C.o
 .debug_aranges
                0x00000078       0x38 ./Drivers/Peripheral_Drivers/Source/RCC_CLOCK.o
 .debug_aranges
                0x000000b0       0x40 ./Drivers/Peripheral_Drivers/Source/UART.o
 .debug_aranges
                0x000000f0       0x60 ./Src/main.o
 .debug_aranges
                0x00000150       0x28 ./Startup/startup_stm32f103c8tx.o

.debug_rnglists
                0x00000000      0x101
 .debug_rnglists
                0x00000000       0x19 ./Drivers/Peripheral_Drivers/Source/EEPROM.o
 .debug_rnglists
                0x00000019       0x3a ./Drivers/Peripheral_Drivers/Source/I2C.o
 .debug_rnglists
                0x00000053       0x25 ./Drivers/Peripheral_Drivers/Source/RCC_CLOCK.o
 .debug_rnglists
                0x00000078       0x2b ./Drivers/Peripheral_Drivers/Source/UART.o
 .debug_rnglists
                0x000000a3       0x45 ./Src/main.o
 .debug_rnglists
                0x000000e8       0x19 ./Startup/startup_stm32f103c8tx.o

.debug_macro    0x00000000    0x10ddc
 .debug_macro   0x00000000       0xe0 ./Drivers/Peripheral_Drivers/Source/EEPROM.o
 .debug_macro   0x000000e0      0xaae ./Drivers/Peripheral_Drivers/Source/EEPROM.o
 .debug_macro   0x00000b8e       0x22 ./Drivers/Peripheral_Drivers/Source/EEPROM.o
 .debug_macro   0x00000bb0       0x22 ./Drivers/Peripheral_Drivers/Source/EEPROM.o
 .debug_macro   0x00000bd2       0x8e ./Drivers/Peripheral_Drivers/Source/EEPROM.o
 .debug_macro   0x00000c60       0x51 ./Drivers/Peripheral_Drivers/Source/EEPROM.o
 .debug_macro   0x00000cb1      0x103 ./Drivers/Peripheral_Drivers/Source/EEPROM.o
 .debug_macro   0x00000db4       0x6a ./Drivers/Peripheral_Drivers/Source/EEPROM.o
 .debug_macro   0x00000e1e      0x1df ./Drivers/Peripheral_Drivers/Source/EEPROM.o
 .debug_macro   0x00000ffd       0x1c ./Drivers/Peripheral_Drivers/Source/EEPROM.o
 .debug_macro   0x00001019       0x22 ./Drivers/Peripheral_Drivers/Source/EEPROM.o
 .debug_macro   0x0000103b       0xbd ./Drivers/Peripheral_Drivers/Source/EEPROM.o
 .debug_macro   0x000010f8      0xd23 ./Drivers/Peripheral_Drivers/Source/EEPROM.o
 .debug_macro   0x00001e1b     0xe09e ./Drivers/Peripheral_Drivers/Source/EEPROM.o
 .debug_macro   0x0000feb9       0x22 ./Drivers/Peripheral_Drivers/Source/EEPROM.o
 .debug_macro   0x0000fedb       0xd0 ./Drivers/Peripheral_Drivers/Source/I2C.o
 .debug_macro   0x0000ffab       0xd0 ./Drivers/Peripheral_Drivers/Source/RCC_CLOCK.o
 .debug_macro   0x0001007b       0xd0 ./Drivers/Peripheral_Drivers/Source/UART.o
 .debug_macro   0x0001014b      0x1d5 ./Src/main.o
 .debug_macro   0x00010320       0x61 ./Src/main.o
 .debug_macro   0x00010381       0x24 ./Src/main.o
 .debug_macro   0x000103a5       0x43 ./Src/main.o
 .debug_macro   0x000103e8       0x34 ./Src/main.o
 .debug_macro   0x0001041c       0x16 ./Src/main.o
 .debug_macro   0x00010432       0x9e ./Src/main.o
 .debug_macro   0x000104d0      0x369 ./Src/main.o
 .debug_macro   0x00010839      0x10b ./Src/main.o
 .debug_macro   0x00010944       0x10 ./Src/main.o
 .debug_macro   0x00010954       0x16 ./Src/main.o
 .debug_macro   0x0001096a       0x43 ./Src/main.o
 .debug_macro   0x000109ad       0x34 ./Src/main.o
 .debug_macro   0x000109e1       0x10 ./Src/main.o
 .debug_macro   0x000109f1       0x58 ./Src/main.o
 .debug_macro   0x00010a49       0x8e ./Src/main.o
 .debug_macro   0x00010ad7       0x1c ./Src/main.o
 .debug_macro   0x00010af3      0x177 ./Src/main.o
 .debug_macro   0x00010c6a       0x16 ./Src/main.o
 .debug_macro   0x00010c80       0x16 ./Src/main.o
 .debug_macro   0x00010c96      0x146 ./Src/main.o

.debug_line     0x00000000     0x2580
 .debug_line    0x00000000      0x600 ./Drivers/Peripheral_Drivers/Source/EEPROM.o
 .debug_line    0x00000600      0x8be ./Drivers/Peripheral_Drivers/Source/I2C.o
 .debug_line    0x00000ebe      0x658 ./Drivers/Peripheral_Drivers/Source/RCC_CLOCK.o
 .debug_line    0x00001516      0x6e6 ./Drivers/Peripheral_Drivers/Source/UART.o
 .debug_line    0x00001bfc      0x909 ./Src/main.o
 .debug_line    0x00002505       0x7b ./Startup/startup_stm32f103c8tx.o

.debug_str      0x00000000    0x57e08
 .debug_str     0x00000000    0x53dea ./Drivers/Peripheral_Drivers/Source/EEPROM.o
                              0x54028 (size before relaxing)
 .debug_str     0x00053dea       0xf5 ./Drivers/Peripheral_Drivers/Source/I2C.o
                              0x540af (size before relaxing)
 .debug_str     0x00053edf      0x3ca ./Drivers/Peripheral_Drivers/Source/RCC_CLOCK.o
                              0x543b0 (size before relaxing)
 .debug_str     0x000542a9       0xb4 ./Drivers/Peripheral_Drivers/Source/UART.o
                              0x543f4 (size before relaxing)
 .debug_str     0x0005435d     0x3a6c ./Src/main.o
                              0x57e9e (size before relaxing)
 .debug_str     0x00057dc9       0x3f ./Startup/startup_stm32f103c8tx.o
                                 0x7a (size before relaxing)

.comment        0x00000000       0x43
 .comment       0x00000000       0x43 ./Drivers/Peripheral_Drivers/Source/EEPROM.o
                                 0x44 (size before relaxing)
 .comment       0x00000043       0x44 ./Drivers/Peripheral_Drivers/Source/I2C.o
 .comment       0x00000043       0x44 ./Drivers/Peripheral_Drivers/Source/RCC_CLOCK.o
 .comment       0x00000043       0x44 ./Drivers/Peripheral_Drivers/Source/UART.o
 .comment       0x00000043       0x44 ./Src/main.o

.debug_frame    0x00000000      0x464
 .debug_frame   0x00000000       0x58 ./Drivers/Peripheral_Drivers/Source/EEPROM.o
 .debug_frame   0x00000058      0x110 ./Drivers/Peripheral_Drivers/Source/I2C.o
 .debug_frame   0x00000168       0x9c ./Drivers/Peripheral_Drivers/Source/RCC_CLOCK.o
 .debug_frame   0x00000204       0xbc ./Drivers/Peripheral_Drivers/Source/UART.o
 .debug_frame   0x000002c0      0x158 ./Src/main.o
 .debug_frame   0x00000418       0x20 C:/ST/STM32CubeIDE_1.14.1/STM32CubeIDE/plugins/com.st.stm32cube.ide.mcu.externaltools.gnu-tools-for-stm32.12.3.rel1.win32_1.0.200.202406191623/tools/bin/../lib/gcc/arm-none-eabi/12.3.1/../../../../arm-none-eabi/lib/thumb/v7-m/nofp\libc_nano.a(libc_a-memset.o)
 .debug_frame   0x00000438       0x2c C:/ST/STM32CubeIDE_1.14.1/STM32CubeIDE/plugins/com.st.stm32cube.ide.mcu.externaltools.gnu-tools-for-stm32.12.3.rel1.win32_1.0.200.202406191623/tools/bin/../lib/gcc/arm-none-eabi/12.3.1/../../../../arm-none-eabi/lib/thumb/v7-m/nofp\libc_nano.a(libc_a-init.o)

.debug_line_str
                0x00000000       0x5e
 .debug_line_str
                0x00000000       0x5e ./Startup/startup_stm32f103c8tx.o
